Archive member included to satisfy reference by file (symbol)

d:/atmel/7.0/toolchain/avr8/avr8-gnu-toolchain/bin/../lib/gcc/avr/5.4.0/avr4\libgcc.a(_exit.o)
                              D:/Atmel/7.0/Packs/atmel/ATmega_DFP/1.7.374/gcc/dev/atmega8/avr4/crtatmega8.o (exit)
d:/atmel/7.0/toolchain/avr8/avr8-gnu-toolchain/bin/../lib/gcc/avr/5.4.0/avr4\libgcc.a(_copy_data.o)
                              main.o (__do_copy_data)
d:/atmel/7.0/toolchain/avr8/avr8-gnu-toolchain/bin/../lib/gcc/avr/5.4.0/avr4\libgcc.a(_clear_bss.o)
                              EXTI.o (__do_clear_bss)
d:/atmel/7.0/toolchain/avr8/avr8-gnu-toolchain/bin/../lib/gcc/avr/5.4.0/../../../../avr/lib/avr4\libc.a(itoa_ncheck.o)
                              main.o (__itoa_ncheck)
d:/atmel/7.0/toolchain/avr8/avr8-gnu-toolchain/bin/../lib/gcc/avr/5.4.0/../../../../avr/lib/avr4\libc.a(utoa_ncheck.o)
                              d:/atmel/7.0/toolchain/avr8/avr8-gnu-toolchain/bin/../lib/gcc/avr/5.4.0/../../../../avr/lib/avr4\libc.a(itoa_ncheck.o) (__utoa_common)
d:/atmel/7.0/toolchain/avr8/avr8-gnu-toolchain/bin/../lib/gcc/avr/5.4.0/../../../../avr/lib/avr4\libc.a(strrev.o)
                              d:/atmel/7.0/toolchain/avr8/avr8-gnu-toolchain/bin/../lib/gcc/avr/5.4.0/../../../../avr/lib/avr4\libc.a(utoa_ncheck.o) (strrev)

Discarded input sections

 .data          0x00000000        0x0 D:/Atmel/7.0/Packs/atmel/ATmega_DFP/1.7.374/gcc/dev/atmega8/avr4/crtatmega8.o
 .bss           0x00000000        0x0 D:/Atmel/7.0/Packs/atmel/ATmega_DFP/1.7.374/gcc/dev/atmega8/avr4/crtatmega8.o
 .text          0x00000000        0x0 EXTI.o
 .data          0x00000000        0x0 EXTI.o
 .bss           0x00000000        0x0 EXTI.o
 .text          0x00000000        0x0 GPIO.o
 .data          0x00000000        0x0 GPIO.o
 .bss           0x00000000        0x0 GPIO.o
 .text          0x00000000        0x0 LCD_1602.o
 .data          0x00000000        0x0 LCD_1602.o
 .bss           0x00000000        0x0 LCD_1602.o
 .text.home_LCD
                0x00000000        0xe LCD_1602.o
 .text          0x00000000        0x0 main.o
 .data          0x00000000        0x0 main.o
 .bss           0x00000000        0x0 main.o
 .text          0x00000000        0x0 PWM.o
 .data          0x00000000        0x0 PWM.o
 .bss           0x00000000        0x0 PWM.o
 .text.new_PWM_Init
                0x00000000       0x28 PWM.o
 .text.new_PWM_Set_Duty
                0x00000000       0x10 PWM.o
 .text.new_PWM_Start
                0x00000000        0x8 PWM.o
 .text.new1     0x00000000       0x18 PWM.o
 .text          0x00000000        0x0 d:/atmel/7.0/toolchain/avr8/avr8-gnu-toolchain/bin/../lib/gcc/avr/5.4.0/avr4\libgcc.a(_exit.o)
 .data          0x00000000        0x0 d:/atmel/7.0/toolchain/avr8/avr8-gnu-toolchain/bin/../lib/gcc/avr/5.4.0/avr4\libgcc.a(_exit.o)
 .bss           0x00000000        0x0 d:/atmel/7.0/toolchain/avr8/avr8-gnu-toolchain/bin/../lib/gcc/avr/5.4.0/avr4\libgcc.a(_exit.o)
 .text.libgcc.mul
                0x00000000        0x0 d:/atmel/7.0/toolchain/avr8/avr8-gnu-toolchain/bin/../lib/gcc/avr/5.4.0/avr4\libgcc.a(_exit.o)
 .text.libgcc.div
                0x00000000        0x0 d:/atmel/7.0/toolchain/avr8/avr8-gnu-toolchain/bin/../lib/gcc/avr/5.4.0/avr4\libgcc.a(_exit.o)
 .text.libgcc   0x00000000        0x0 d:/atmel/7.0/toolchain/avr8/avr8-gnu-toolchain/bin/../lib/gcc/avr/5.4.0/avr4\libgcc.a(_exit.o)
 .text.libgcc.prologue
                0x00000000        0x0 d:/atmel/7.0/toolchain/avr8/avr8-gnu-toolchain/bin/../lib/gcc/avr/5.4.0/avr4\libgcc.a(_exit.o)
 .text.libgcc.builtins
                0x00000000        0x0 d:/atmel/7.0/toolchain/avr8/avr8-gnu-toolchain/bin/../lib/gcc/avr/5.4.0/avr4\libgcc.a(_exit.o)
 .text.libgcc.fmul
                0x00000000        0x0 d:/atmel/7.0/toolchain/avr8/avr8-gnu-toolchain/bin/../lib/gcc/avr/5.4.0/avr4\libgcc.a(_exit.o)
 .text.libgcc.fixed
                0x00000000        0x0 d:/atmel/7.0/toolchain/avr8/avr8-gnu-toolchain/bin/../lib/gcc/avr/5.4.0/avr4\libgcc.a(_exit.o)
 .text          0x00000000        0x0 d:/atmel/7.0/toolchain/avr8/avr8-gnu-toolchain/bin/../lib/gcc/avr/5.4.0/avr4\libgcc.a(_copy_data.o)
 .data          0x00000000        0x0 d:/atmel/7.0/toolchain/avr8/avr8-gnu-toolchain/bin/../lib/gcc/avr/5.4.0/avr4\libgcc.a(_copy_data.o)
 .bss           0x00000000        0x0 d:/atmel/7.0/toolchain/avr8/avr8-gnu-toolchain/bin/../lib/gcc/avr/5.4.0/avr4\libgcc.a(_copy_data.o)
 .text.libgcc.mul
                0x00000000        0x0 d:/atmel/7.0/toolchain/avr8/avr8-gnu-toolchain/bin/../lib/gcc/avr/5.4.0/avr4\libgcc.a(_copy_data.o)
 .text.libgcc.div
                0x00000000        0x0 d:/atmel/7.0/toolchain/avr8/avr8-gnu-toolchain/bin/../lib/gcc/avr/5.4.0/avr4\libgcc.a(_copy_data.o)
 .text.libgcc   0x00000000        0x0 d:/atmel/7.0/toolchain/avr8/avr8-gnu-toolchain/bin/../lib/gcc/avr/5.4.0/avr4\libgcc.a(_copy_data.o)
 .text.libgcc.prologue
                0x00000000        0x0 d:/atmel/7.0/toolchain/avr8/avr8-gnu-toolchain/bin/../lib/gcc/avr/5.4.0/avr4\libgcc.a(_copy_data.o)
 .text.libgcc.builtins
                0x00000000        0x0 d:/atmel/7.0/toolchain/avr8/avr8-gnu-toolchain/bin/../lib/gcc/avr/5.4.0/avr4\libgcc.a(_copy_data.o)
 .text.libgcc.fmul
                0x00000000        0x0 d:/atmel/7.0/toolchain/avr8/avr8-gnu-toolchain/bin/../lib/gcc/avr/5.4.0/avr4\libgcc.a(_copy_data.o)
 .text.libgcc.fixed
                0x00000000        0x0 d:/atmel/7.0/toolchain/avr8/avr8-gnu-toolchain/bin/../lib/gcc/avr/5.4.0/avr4\libgcc.a(_copy_data.o)
 .text          0x00000000        0x0 d:/atmel/7.0/toolchain/avr8/avr8-gnu-toolchain/bin/../lib/gcc/avr/5.4.0/avr4\libgcc.a(_clear_bss.o)
 .data          0x00000000        0x0 d:/atmel/7.0/toolchain/avr8/avr8-gnu-toolchain/bin/../lib/gcc/avr/5.4.0/avr4\libgcc.a(_clear_bss.o)
 .bss           0x00000000        0x0 d:/atmel/7.0/toolchain/avr8/avr8-gnu-toolchain/bin/../lib/gcc/avr/5.4.0/avr4\libgcc.a(_clear_bss.o)
 .text.libgcc.mul
                0x00000000        0x0 d:/atmel/7.0/toolchain/avr8/avr8-gnu-toolchain/bin/../lib/gcc/avr/5.4.0/avr4\libgcc.a(_clear_bss.o)
 .text.libgcc.div
                0x00000000        0x0 d:/atmel/7.0/toolchain/avr8/avr8-gnu-toolchain/bin/../lib/gcc/avr/5.4.0/avr4\libgcc.a(_clear_bss.o)
 .text.libgcc   0x00000000        0x0 d:/atmel/7.0/toolchain/avr8/avr8-gnu-toolchain/bin/../lib/gcc/avr/5.4.0/avr4\libgcc.a(_clear_bss.o)
 .text.libgcc.prologue
                0x00000000        0x0 d:/atmel/7.0/toolchain/avr8/avr8-gnu-toolchain/bin/../lib/gcc/avr/5.4.0/avr4\libgcc.a(_clear_bss.o)
 .text.libgcc.builtins
                0x00000000        0x0 d:/atmel/7.0/toolchain/avr8/avr8-gnu-toolchain/bin/../lib/gcc/avr/5.4.0/avr4\libgcc.a(_clear_bss.o)
 .text.libgcc.fmul
                0x00000000        0x0 d:/atmel/7.0/toolchain/avr8/avr8-gnu-toolchain/bin/../lib/gcc/avr/5.4.0/avr4\libgcc.a(_clear_bss.o)
 .text.libgcc.fixed
                0x00000000        0x0 d:/atmel/7.0/toolchain/avr8/avr8-gnu-toolchain/bin/../lib/gcc/avr/5.4.0/avr4\libgcc.a(_clear_bss.o)
 .text          0x00000000        0x0 d:/atmel/7.0/toolchain/avr8/avr8-gnu-toolchain/bin/../lib/gcc/avr/5.4.0/../../../../avr/lib/avr4\libc.a(itoa_ncheck.o)
 .data          0x00000000        0x0 d:/atmel/7.0/toolchain/avr8/avr8-gnu-toolchain/bin/../lib/gcc/avr/5.4.0/../../../../avr/lib/avr4\libc.a(itoa_ncheck.o)
 .bss           0x00000000        0x0 d:/atmel/7.0/toolchain/avr8/avr8-gnu-toolchain/bin/../lib/gcc/avr/5.4.0/../../../../avr/lib/avr4\libc.a(itoa_ncheck.o)
 .text          0x00000000        0x0 d:/atmel/7.0/toolchain/avr8/avr8-gnu-toolchain/bin/../lib/gcc/avr/5.4.0/../../../../avr/lib/avr4\libc.a(utoa_ncheck.o)
 .data          0x00000000        0x0 d:/atmel/7.0/toolchain/avr8/avr8-gnu-toolchain/bin/../lib/gcc/avr/5.4.0/../../../../avr/lib/avr4\libc.a(utoa_ncheck.o)
 .bss           0x00000000        0x0 d:/atmel/7.0/toolchain/avr8/avr8-gnu-toolchain/bin/../lib/gcc/avr/5.4.0/../../../../avr/lib/avr4\libc.a(utoa_ncheck.o)
 .text          0x00000000        0x0 d:/atmel/7.0/toolchain/avr8/avr8-gnu-toolchain/bin/../lib/gcc/avr/5.4.0/../../../../avr/lib/avr4\libc.a(strrev.o)
 .data          0x00000000        0x0 d:/atmel/7.0/toolchain/avr8/avr8-gnu-toolchain/bin/../lib/gcc/avr/5.4.0/../../../../avr/lib/avr4\libc.a(strrev.o)
 .bss           0x00000000        0x0 d:/atmel/7.0/toolchain/avr8/avr8-gnu-toolchain/bin/../lib/gcc/avr/5.4.0/../../../../avr/lib/avr4\libc.a(strrev.o)

Memory Configuration

Name             Origin             Length             Attributes
text             0x00000000         0x00002000         xr
data             0x00800060         0x00000400         rw !x
eeprom           0x00810000         0x00000200         rw !x
fuse             0x00820000         0x00000002         rw !x
lock             0x00830000         0x00000400         rw !x
signature        0x00840000         0x00000400         rw !x
user_signatures  0x00850000         0x00000400         rw !x
*default*        0x00000000         0xffffffff

Linker script and memory map

LOAD D:/Atmel/7.0/Packs/atmel/ATmega_DFP/1.7.374/gcc/dev/atmega8/avr4/crtatmega8.o
LOAD EXTI.o
LOAD GPIO.o
LOAD LCD_1602.o
LOAD main.o
LOAD PWM.o
START GROUP
LOAD d:/atmel/7.0/toolchain/avr8/avr8-gnu-toolchain/bin/../lib/gcc/avr/5.4.0/../../../../avr/lib/avr4\libm.a
END GROUP
START GROUP
LOAD d:/atmel/7.0/toolchain/avr8/avr8-gnu-toolchain/bin/../lib/gcc/avr/5.4.0/avr4\libgcc.a
LOAD d:/atmel/7.0/toolchain/avr8/avr8-gnu-toolchain/bin/../lib/gcc/avr/5.4.0/../../../../avr/lib/avr4\libm.a
LOAD d:/atmel/7.0/toolchain/avr8/avr8-gnu-toolchain/bin/../lib/gcc/avr/5.4.0/../../../../avr/lib/avr4\libc.a
LOAD D:/Atmel/7.0/Packs/atmel/ATmega_DFP/1.7.374/gcc/dev/atmega8/avr4\libatmega8.a
END GROUP
                0x00000000                __TEXT_REGION_ORIGIN__ = DEFINED (__TEXT_REGION_ORIGIN__)?__TEXT_REGION_ORIGIN__:0x0
                [0x00800060]                __DATA_REGION_ORIGIN__ = DEFINED (__DATA_REGION_ORIGIN__)?__DATA_REGION_ORIGIN__:0x800060
                [0x00002000]                __TEXT_REGION_LENGTH__ = DEFINED (__TEXT_REGION_LENGTH__)?__TEXT_REGION_LENGTH__:0x2000
                [0x00000400]                __DATA_REGION_LENGTH__ = DEFINED (__DATA_REGION_LENGTH__)?__DATA_REGION_LENGTH__:0xffa0
                [0x00000200]                __EEPROM_REGION_LENGTH__ = DEFINED (__EEPROM_REGION_LENGTH__)?__EEPROM_REGION_LENGTH__:0x10000
                [0x00000002]                __FUSE_REGION_LENGTH__ = DEFINED (__FUSE_REGION_LENGTH__)?__FUSE_REGION_LENGTH__:0x400
                0x00000400                __LOCK_REGION_LENGTH__ = DEFINED (__LOCK_REGION_LENGTH__)?__LOCK_REGION_LENGTH__:0x400
                0x00000400                __SIGNATURE_REGION_LENGTH__ = DEFINED (__SIGNATURE_REGION_LENGTH__)?__SIGNATURE_REGION_LENGTH__:0x400
                0x00000400                __USER_SIGNATURE_REGION_LENGTH__ = DEFINED (__USER_SIGNATURE_REGION_LENGTH__)?__USER_SIGNATURE_REGION_LENGTH__:0x400

.hash
 *(.hash)

.dynsym
 *(.dynsym)

.dynstr
 *(.dynstr)

.gnu.version
 *(.gnu.version)

.gnu.version_d
 *(.gnu.version_d)

.gnu.version_r
 *(.gnu.version_r)

.rel.init
 *(.rel.init)

.rela.init
 *(.rela.init)

.rel.text
 *(.rel.text)
 *(.rel.text.*)
 *(.rel.gnu.linkonce.t*)

.rela.text
 *(.rela.text)
 *(.rela.text.*)
 *(.rela.gnu.linkonce.t*)

.rel.fini
 *(.rel.fini)

.rela.fini
 *(.rela.fini)

.rel.rodata
 *(.rel.rodata)
 *(.rel.rodata.*)
 *(.rel.gnu.linkonce.r*)

.rela.rodata
 *(.rela.rodata)
 *(.rela.rodata.*)
 *(.rela.gnu.linkonce.r*)

.rel.data
 *(.rel.data)
 *(.rel.data.*)
 *(.rel.gnu.linkonce.d*)

.rela.data
 *(.rela.data)
 *(.rela.data.*)
 *(.rela.gnu.linkonce.d*)

.rel.ctors
 *(.rel.ctors)

.rela.ctors
 *(.rela.ctors)

.rel.dtors
 *(.rel.dtors)

.rela.dtors
 *(.rela.dtors)

.rel.got
 *(.rel.got)

.rela.got
 *(.rela.got)

.rel.bss
 *(.rel.bss)

.rela.bss
 *(.rela.bss)

.rel.plt
 *(.rel.plt)

.rela.plt
 *(.rela.plt)

.text           0x00000000      0x910
 *(.vectors)
 .vectors       0x00000000       0x26 D:/Atmel/7.0/Packs/atmel/ATmega_DFP/1.7.374/gcc/dev/atmega8/avr4/crtatmega8.o
                0x00000000                __vector_default
                0x00000000                __vectors
 *(.vectors)
 *(.progmem.gcc*)
                0x00000026                . = ALIGN (0x2)
                0x00000026                __trampolines_start = .
 *(.trampolines)
 .trampolines   0x00000026        0x0 linker stubs
 *(.trampolines*)
                0x00000026                __trampolines_end = .
 *libprintf_flt.a:*(.progmem.data)
 *libc.a:*(.progmem.data)
 *(.progmem*)
                0x00000026                . = ALIGN (0x2)
 *(.jumptables)
 *(.jumptables*)
 *(.lowtext)
 *(.lowtext*)
                0x00000026                __ctors_start = .
 *(.ctors)
                0x00000026                __ctors_end = .
                0x00000026                __dtors_start = .
 *(.dtors)
                0x00000026                __dtors_end = .
 SORT(*)(.ctors)
 SORT(*)(.dtors)
 *(.init0)
 .init0         0x00000026        0x0 D:/Atmel/7.0/Packs/atmel/ATmega_DFP/1.7.374/gcc/dev/atmega8/avr4/crtatmega8.o
                0x00000026                __init
 *(.init0)
 *(.init1)
 *(.init1)
 *(.init2)
 .init2         0x00000026        0xc D:/Atmel/7.0/Packs/atmel/ATmega_DFP/1.7.374/gcc/dev/atmega8/avr4/crtatmega8.o
 *(.init2)
 *(.init3)
 *(.init3)
 *(.init4)
 .init4         0x00000032       0x16 d:/atmel/7.0/toolchain/avr8/avr8-gnu-toolchain/bin/../lib/gcc/avr/5.4.0/avr4\libgcc.a(_copy_data.o)
                0x00000032                __do_copy_data
 .init4         0x00000048       0x10 d:/atmel/7.0/toolchain/avr8/avr8-gnu-toolchain/bin/../lib/gcc/avr/5.4.0/avr4\libgcc.a(_clear_bss.o)
                0x00000048                __do_clear_bss
 *(.init4)
 *(.init5)
 *(.init5)
 *(.init6)
 *(.init6)
 *(.init7)
 *(.init7)
 *(.init8)
 *(.init8)
 *(.init9)
 .init9         0x00000058        0x4 D:/Atmel/7.0/Packs/atmel/ATmega_DFP/1.7.374/gcc/dev/atmega8/avr4/crtatmega8.o
 *(.init9)
 *(.text)
 .text          0x0000005c        0x2 D:/Atmel/7.0/Packs/atmel/ATmega_DFP/1.7.374/gcc/dev/atmega8/avr4/crtatmega8.o
                0x0000005c                __vector_12
                0x0000005c                __bad_interrupt
                0x0000005c                __vector_6
                0x0000005c                __vector_3
                0x0000005c                __vector_11
                0x0000005c                __vector_13
                0x0000005c                __vector_17
                0x0000005c                __vector_7
                0x0000005c                __vector_5
                0x0000005c                __vector_9
                0x0000005c                __vector_15
                0x0000005c                __vector_14
                0x0000005c                __vector_10
                0x0000005c                __vector_16
                0x0000005c                __vector_18
                0x0000005e                . = ALIGN (0x2)
 *(.text.*)
 .text.EXTI_Innit
                0x0000005e       0x4e EXTI.o
                0x0000005e                EXTI_Innit
 .text.__vector_1
                0x000000ac       0x4e EXTI.o
                0x000000ac                __vector_1
 .text.__vector_2
                0x000000fa       0x4e EXTI.o
                0x000000fa                __vector_2
 .text.GPIO_Config
                0x00000148       0xb8 GPIO.o
                0x00000148                GPIO_Config
 .text.GPIO_Write_PIN
                0x00000200       0xa2 GPIO.o
                0x00000200                GPIO_Write_PIN
 .text.GPIO_Toggle_PIN
                0x000002a2       0x4e GPIO.o
                0x000002a2                GPIO_Toggle_PIN
 .text.GPIO_Read_PIN
                0x000002f0       0x5e GPIO.o
                0x000002f0                GPIO_Read_PIN
 .text.Write2Nib
                0x0000034e       0x40 LCD_1602.o
                0x0000034e                Write2Nib
 .text.wait_LCD
                0x0000038e        0xe LCD_1602.o
                0x0000038e                wait_LCD
 .text.init_LCD
                0x0000039c       0x4a LCD_1602.o
                0x0000039c                init_LCD
 .text.clr_LCD  0x000003e6        0xe LCD_1602.o
                0x000003e6                clr_LCD
 .text.putChar_LCD
                0x000003f4        0xc LCD_1602.o
                0x000003f4                putChar_LCD
 .text.print_LCD
                0x00000400       0x2e LCD_1602.o
                0x00000400                print_LCD
 .text.move_LCD
                0x0000042e       0x20 LCD_1602.o
                0x0000042e                move_LCD
 .text.Pulse_Interrupt
                0x0000044e       0x14 main.o
                0x0000044e                Pulse_Interrupt
 .text.Timer1_overflow
                0x00000462       0x62 main.o
                0x00000462                Timer1_overflow
 .text.main     0x000004c4      0x2f6 main.o
                0x000004c4                main
 .text.__vector_4
                0x000007ba       0x64 PWM.o
                0x000007ba                __vector_4
 .text.__vector_8
                0x0000081e       0x4e PWM.o
                0x0000081e                __vector_8
 .text.PWM_Innit
                0x0000086c       0x18 PWM.o
                0x0000086c                PWM_Innit
 .text.T1_delay1s
                0x00000884       0x1e PWM.o
                0x00000884                T1_delay1s
 .text.PWM_SetDuty
                0x000008a2        0x4 PWM.o
                0x000008a2                PWM_SetDuty
 .text.avr-libc
                0x000008a6       0x14 d:/atmel/7.0/toolchain/avr8/avr8-gnu-toolchain/bin/../lib/gcc/avr/5.4.0/../../../../avr/lib/avr4\libc.a(itoa_ncheck.o)
                0x000008a6                __itoa_ncheck
 .text.avr-libc
                0x000008ba       0x32 d:/atmel/7.0/toolchain/avr8/avr8-gnu-toolchain/bin/../lib/gcc/avr/5.4.0/../../../../avr/lib/avr4\libc.a(utoa_ncheck.o)
                0x000008ba                __utoa_ncheck
                0x000008bc                __utoa_common
 .text.avr-libc
                0x000008ec       0x20 d:/atmel/7.0/toolchain/avr8/avr8-gnu-toolchain/bin/../lib/gcc/avr/5.4.0/../../../../avr/lib/avr4\libc.a(strrev.o)
                0x000008ec                strrev
                0x0000090c                . = ALIGN (0x2)
 *(.fini9)
 .fini9         0x0000090c        0x0 d:/atmel/7.0/toolchain/avr8/avr8-gnu-toolchain/bin/../lib/gcc/avr/5.4.0/avr4\libgcc.a(_exit.o)
                0x0000090c                _exit
                0x0000090c                exit
 *(.fini9)
 *(.fini8)
 *(.fini8)
 *(.fini7)
 *(.fini7)
 *(.fini6)
 *(.fini6)
 *(.fini5)
 *(.fini5)
 *(.fini4)
 *(.fini4)
 *(.fini3)
 *(.fini3)
 *(.fini2)
 *(.fini2)
 *(.fini1)
 *(.fini1)
 *(.fini0)
 .fini0         0x0000090c        0x4 d:/atmel/7.0/toolchain/avr8/avr8-gnu-toolchain/bin/../lib/gcc/avr/5.4.0/avr4\libgcc.a(_exit.o)
 *(.fini0)
                0x00000910                _etext = .

.data           0x00800060       0x40 load address 0x00000910
                0x00800060                PROVIDE (__data_start, .)
 *(.data)
 *(.data*)
 .data.PWM_Percentage
                0x00800060        0x1 main.o
 .data.old_State
                0x00800061        0x1 main.o
 .data.State    0x00800062        0x1 main.o
 .data.duty_cycle
                0x00800063        0x2 main.o
 *(.gnu.linkonce.d*)
 *(.rodata)
 *(.rodata*)
 .rodata.str1.1
                0x00800065       0x3b main.o
                                 0x44 (size before relaxing)
 *(.gnu.linkonce.r*)
                0x008000a0                . = ALIGN (0x2)
                0x008000a0                _edata = .
                0x008000a0                PROVIDE (__data_end, .)

.bss            0x008000a0       0x14
                0x008000a0                PROVIDE (__bss_start, .)
 *(.bss)
 *(.bss*)
 .bss.INT1_Interrupt
                0x008000a0        0x2 EXTI.o
 .bss.INT0_Interrupt
                0x008000a2        0x2 EXTI.o
 .bss.i         0x008000a4        0x1 main.o
 .bss.pulse     0x008000a5        0x2 main.o
 .bss.old_direction
                0x008000a7        0x1 main.o
 .bss.rotate_direction
                0x008000a8        0x1 main.o
 .bss.snum2     0x008000a9        0x3 main.o
 .bss.snum      0x008000ac        0x3 main.o
 .bss.old_Value
                0x008000af        0x2 main.o
 .bss.timer_overflow_count
                0x008000b1        0x1 PWM.o
                0x008000b1                timer_overflow_count
 .bss.Timer1_Interrupt
                0x008000b2        0x2 PWM.o
 *(COMMON)
                0x008000b4                PROVIDE (__bss_end, .)
                0x00000910                __data_load_start = LOADADDR (.data)
                0x00000950                __data_load_end = (__data_load_start + SIZEOF (.data))

.noinit         0x008000b4        0x0
                [!provide]                PROVIDE (__noinit_start, .)
 *(.noinit*)
                [!provide]                PROVIDE (__noinit_end, .)
                0x008000b4                _end = .
                [!provide]                PROVIDE (__heap_start, .)

.eeprom         0x00810000        0x0
 *(.eeprom*)
                0x00810000                __eeprom_end = .

.fuse
 *(.fuse)
 *(.lfuse)
 *(.hfuse)
 *(.efuse)

.lock
 *(.lock*)

.signature
 *(.signature*)

.user_signatures
 *(.user_signatures*)

.stab
 *(.stab)

.stabstr
 *(.stabstr)

.stab.excl
 *(.stab.excl)

.stab.exclstr
 *(.stab.exclstr)

.stab.index
 *(.stab.index)

.stab.indexstr
 *(.stab.indexstr)

.comment        0x00000000       0x30
 *(.comment)
 .comment       0x00000000       0x30 EXTI.o
                                 0x31 (size before relaxing)
 .comment       0x00000030       0x31 GPIO.o
 .comment       0x00000030       0x31 LCD_1602.o
 .comment       0x00000030       0x31 main.o
 .comment       0x00000030       0x31 PWM.o

.note.gnu.avr.deviceinfo
                0x00000000       0x3c
 .note.gnu.avr.deviceinfo
                0x00000000       0x3c D:/Atmel/7.0/Packs/atmel/ATmega_DFP/1.7.374/gcc/dev/atmega8/avr4/crtatmega8.o

.note.gnu.build-id
 *(.note.gnu.build-id)

.debug
 *(.debug)

.line
 *(.line)

.debug_srcinfo
 *(.debug_srcinfo)

.debug_sfnames
 *(.debug_sfnames)

.debug_aranges  0x00000000      0x150
 *(.debug_aranges)
 .debug_aranges
                0x00000000       0x30 EXTI.o
 .debug_aranges
                0x00000030       0x38 GPIO.o
 .debug_aranges
                0x00000068       0x58 LCD_1602.o
 .debug_aranges
                0x000000c0       0x30 main.o
 .debug_aranges
                0x000000f0       0x60 PWM.o

.debug_pubnames
 *(.debug_pubnames)

.debug_info     0x00000000     0x1a48
 *(.debug_info .gnu.linkonce.wi.*)
 .debug_info    0x00000000      0x48c D:/Atmel/7.0/Packs/atmel/ATmega_DFP/1.7.374/gcc/dev/atmega8/avr4/crtatmega8.o
 .debug_info    0x0000048c      0x19a EXTI.o
 .debug_info    0x00000626      0x237 GPIO.o
 .debug_info    0x0000085d      0x42e LCD_1602.o
 .debug_info    0x00000c8b      0xb8f main.o
 .debug_info    0x0000181a      0x22e PWM.o

.debug_abbrev   0x00000000      0xa98
 *(.debug_abbrev)
 .debug_abbrev  0x00000000      0x44e D:/Atmel/7.0/Packs/atmel/ATmega_DFP/1.7.374/gcc/dev/atmega8/avr4/crtatmega8.o
 .debug_abbrev  0x0000044e       0xd9 EXTI.o
 .debug_abbrev  0x00000527       0xef GPIO.o
 .debug_abbrev  0x00000616      0x186 LCD_1602.o
 .debug_abbrev  0x0000079c      0x209 main.o
 .debug_abbrev  0x000009a5       0xf3 PWM.o

.debug_line     0x00000000      0xc03
 *(.debug_line .debug_line.* .debug_line_end)
 .debug_line    0x00000000      0x10a D:/Atmel/7.0/Packs/atmel/ATmega_DFP/1.7.374/gcc/dev/atmega8/avr4/crtatmega8.o
 .debug_line    0x0000010a       0xf2 EXTI.o
 .debug_line    0x000001fc      0x198 GPIO.o
 .debug_line    0x00000394      0x291 LCD_1602.o
 .debug_line    0x00000625      0x40d main.o
 .debug_line    0x00000a32      0x1d1 PWM.o

.debug_frame    0x00000000      0x354
 *(.debug_frame)
 .debug_frame   0x00000000       0xd4 EXTI.o
 .debug_frame   0x000000d4       0x54 GPIO.o
 .debug_frame   0x00000128       0xa4 LCD_1602.o
 .debug_frame   0x000001cc       0x54 main.o
 .debug_frame   0x00000220      0x134 PWM.o

.debug_str      0x00000000      0x6fb
 *(.debug_str)
 .debug_str     0x00000000      0x17a D:/Atmel/7.0/Packs/atmel/ATmega_DFP/1.7.374/gcc/dev/atmega8/avr4/crtatmega8.o
 .debug_str     0x0000017a      0x221 EXTI.o
                                0x255 (size before relaxing)
 .debug_str     0x0000039b       0xf4 GPIO.o
                                0x258 (size before relaxing)
 .debug_str     0x0000048f       0xbb LCD_1602.o
                                0x21e (size before relaxing)
 .debug_str     0x0000054a       0xfa main.o
                                0x408 (size before relaxing)
 .debug_str     0x00000644       0xb7 PWM.o
                                0x25b (size before relaxing)

.debug_loc      0x00000000      0x83e
 *(.debug_loc)
 .debug_loc     0x00000000      0x1be EXTI.o
 .debug_loc     0x000001be      0x185 GPIO.o
 .debug_loc     0x00000343      0x22c LCD_1602.o
 .debug_loc     0x0000056f       0xaf main.o
 .debug_loc     0x0000061e      0x220 PWM.o

.debug_macinfo
 *(.debug_macinfo)

.debug_weaknames
 *(.debug_weaknames)

.debug_funcnames
 *(.debug_funcnames)

.debug_typenames
 *(.debug_typenames)

.debug_varnames
 *(.debug_varnames)

.debug_pubtypes
 *(.debug_pubtypes)

.debug_ranges   0x00000000      0x100
 *(.debug_ranges)
 .debug_ranges  0x00000000       0x20 EXTI.o
 .debug_ranges  0x00000020       0x28 GPIO.o
 .debug_ranges  0x00000048       0x48 LCD_1602.o
 .debug_ranges  0x00000090       0x20 main.o
 .debug_ranges  0x000000b0       0x50 PWM.o

.debug_macro
 *(.debug_macro)
OUTPUT(L298N.elf elf32-avr)
LOAD linker stubs
